23-Aug-2026 16:41:31.130 SEVERE [http-nio-8081-exec-11] org.apache.catalina.core.ApplicationDispatcher.invoke Servlet.service() for servlet [jsp] threw exception
	java.lang.IllegalStateException: Cannot create a session after the response has been committed
		at org.apache.catalina.connector.Request.doGetSession(Request.java:2954)
		at org.apache.catalina.connector.Request.getSession(Request.java:2361)
		at org.apache.catalina.connector.RequestFacade.getSession(RequestFacade.java:647)
		at javax.servlet.http.HttpServletRequestWrapper.getSession(HttpServletRequestWrapper.java:221)
		at org.apache.catalina.core.ApplicationHttpRequest.getSession(ApplicationHttpRequest.java:573)
		at javax.servlet.http.HttpServletRequestWrapper.getSession(HttpServletRequestWrapper.java:221)
		at org.apache.catalina.core.ApplicationHttpRequest.getSession(ApplicationHttpRequest.java:573)
		at org.apache.catalina.core.ApplicationHttpRequest.getSession(ApplicationHttpRequest.java:516)
		at org.apache.jasper.runtime.PageContextImpl.initialize(PageContextImpl.java:118)
		at org.apache.jasper.runtime.JspFactoryImpl.internalGetPageContext(JspFactoryImpl.java:109)
		at org.apache.jasper.runtime.JspFactoryImpl.getPageContext(JspFactoryImpl.java:62)
		at org.apache.jsp.WEB_002dINF.views.common.pagination_jsp._jspService(pagination_jsp.java:132)
		at org.apache.jasper.runtime.HttpJspBase.service(HttpJspBase.java:65)
		at javax.servlet.http.HttpServlet.service(HttpServlet.java:623)
		at org.apache.jasper.servlet.JspServletWrapper.service(JspServletWrapper.java:511)
		at org.apache.jasper.servlet.JspServlet.serviceJspFile(JspServlet.java:358)
		at org.apache.jasper.servlet.JspServlet.service(JspServlet.java:309)
		at javax.servlet.http.HttpServlet.service(HttpServlet.java:623)
		at org.apache.catalina.core.ApplicationFilterChain.internalDoFilter(ApplicationFilterChain.java:201)
		at org.apache.catalina.core.ApplicationFilterChain.doFilter(ApplicationFilterChain.java:146)
		at org.apache.catalina.core.ApplicationDispatcher.invoke(ApplicationDispatcher.java:618)
		at org.apache.catalina.core.ApplicationDispatcher.doInclude(ApplicationDispatcher.java:498)
		at org.apache.catalina.core.ApplicationDispatcher.include(ApplicationDispatcher.java:446)
		at org.apache.jasper.runtime.JspRuntimeLibrary.include(JspRuntimeLibrary.java:1172)
		at org.apache.jsp.WEB_002dINF.views.public_.jobs_jsp._jspService(jobs_jsp.java:414)
		at org.apache.jasper.runtime.HttpJspBase.service(HttpJspBase.java:65)
		at javax.servlet.http.HttpServlet.service(HttpServlet.java:623)
		at org.apache.jasper.servlet.JspServletWrapper.service(JspServletWrapper.java:511)
		at org.apache.jasper.servlet.JspServlet.serviceJspFile(JspServlet.java:358)
		at org.apache.jasper.servlet.JspServlet.service(JspServlet.java:309)
		at javax.servlet.http.HttpServlet.service(HttpServlet.java:623)
		at org.apache.catalina.core.ApplicationFilterChain.internalDoFilter(ApplicationFilterChain.java:201)
		at org.apache.catalina.core.ApplicationFilterChain.doFilter(ApplicationFilterChain.java:146)
		at org.apache.tomcat.websocket.server.WsFilter.doFilter(WsFilter.java:57)
		at org.apache.catalina.core.ApplicationFilterChain.internalDoFilter(ApplicationFilterChain.java:170)
		at org.apache.catalina.core.ApplicationFilterChain.doFilter(ApplicationFilterChain.java:146)
		at org.apache.catalina.core.ApplicationDispatcher.invoke(ApplicationDispatcher.java:618)
		at org.apache.catalina.core.ApplicationDispatcher.processRequest(ApplicationDispatcher.java:401)
		at org.apache.catalina.core.ApplicationDispatcher.doForward(ApplicationDispatcher.java:340)
		at org.apache.catalina.core.ApplicationDispatcher.forward(ApplicationDispatcher.java:285)
		at vn.edu.eaut.recruitflow.controller.BaseController.view(BaseController.java:16)
		at vn.edu.eaut.recruitflow.controller.PublicJobController.showList(PublicJobController.java:71)
		at vn.edu.eaut.recruitflow.controller.PublicJobController.doGet(PublicJobController.java:52)
		at javax.servlet.http.HttpServlet.service(HttpServlet.java:529)
		at javax.servlet.http.HttpServlet.service(HttpServlet.java:623)
		at org.apache.catalina.core.ApplicationFilterChain.internalDoFilter(ApplicationFilterChain.java:201)
		at org.apache.catalina.core.ApplicationFilterChain.doFilter(ApplicationFilterChain.java:146)
		at org.apache.tomcat.websocket.server.WsFilter.doFilter(WsFilter.java:57)
		at org.apache.catalina.core.ApplicationFilterChain.internalDoFilter(ApplicationFilterChain.java:170)
		at org.apache.catalina.core.ApplicationFilterChain.doFilter(ApplicationFilterChain.java:146)
		at vn.edu.eaut.recruitflow.filter.SecurityHeadersFilter.doFilter(SecurityHeadersFilter.java:56)
		at org.apache.catalina.core.ApplicationFilterChain.internalDoFilter(ApplicationFilterChain.java:170)
		at org.apache.catalina.core.ApplicationFilterChain.doFilter(ApplicationFilterChain.java:146)
		at vn.edu.eaut.recruitflow.filter.EncodingFilter.doFilter(EncodingFilter.java:16)
		at org.apache.catalina.core.ApplicationFilterChain.internalDoFilter(ApplicationFilterChain.java:170)
		at org.apache.catalina.core.ApplicationFilterChain.doFilter(ApplicationFilterChain.java:146)
		at vn.edu.eaut.recruitflow.filter.CsrfFilter.doFilter(CsrfFilter.java:60)
		at org.apache.catalina.core.ApplicationFilterChain.internalDoFilter(ApplicationFilterChain.java:170)
		at org.apache.catalina.core.ApplicationFilterChain.doFilter(ApplicationFilterChain.java:146)
		at vn.edu.eaut.recruitflow.filter.AuthorizationFilter.doFilter(AuthorizationFilter.java:76)
		at org.apache.catalina.core.ApplicationFilterChain.internalDoFilter(ApplicationFilterChain.java:170)
		at org.apache.catalina.core.ApplicationFilterChain.doFilter(ApplicationFilterChain.java:146)
		at vn.edu.eaut.recruitflow.filter.AuthenticationFilter.doFilter(AuthenticationFilter.java:77)
		at org.apache.catalina.core.ApplicationFilterChain.internalDoFilter(ApplicationFilterChain.java:170)
		at org.apache.catalina.core.ApplicationFilterChain.doFilter(ApplicationFilterChain.java:146)
		at org.apache.catalina.core.StandardWrapperValve.invoke(StandardWrapperValve.java:166)
		at org.apache.catalina.core.StandardContextValve.invoke(StandardContextValve.java:88)
		at org.apache.catalina.authenticator.AuthenticatorBase.invoke(AuthenticatorBase.java:534)
		at org.apache.catalina.core.StandardHostValve.invoke(StandardHostValve.java:129)
		at org.apache.catalina.valves.ErrorReportValve.invoke(ErrorReportValve.java:86)
		at org.apache.catalina.valves.AbstractAccessLogValve.invoke(AbstractAccessLogValve.java:764)
		at org.apache.catalina.core.StandardEngineValve.invoke(StandardEngineValve.java:71)
		at org.apache.catalina.connector.CoyoteAdapter.service(CoyoteAdapter.java:350)
		at org.apache.coyote.http11.Http11Processor.service(Http11Processor.java:407)
		at org.apache.coyote.AbstractProcessorLight.process(AbstractProcessorLight.java:71)
		at org.apache.coyote.AbstractProtocol$ConnectionHandler.process(AbstractProtocol.java:1344)
		at org.apache.tomcat.util.net.NioEndpoint$SocketProcessor.doRun(NioEndpoint.java:2089)
		at org.apache.tomcat.util.net.SocketProcessorBase.run(SocketProcessorBase.java:74)
		at org.apache.tomcat.util.threads.ThreadPoolExecutor.runWorker(ThreadPoolExecutor.java:976)
		at org.apache.tomcat.util.threads.ThreadPoolExecutor$Worker.run(ThreadPoolExecutor.java:494)
		at org.apache.tomcat.util.threads.TaskThread$WrappingRunnable.run(TaskThread.java:80)
		at java.base/java.lang.Thread.run(Thread.java:842)
23-Aug-2026 16:41:31.132 SEVERE [http-nio-8081-exec-11] org.apache.catalina.core.ApplicationDispatcher.invoke Servlet.service() for servlet [jsp] threw exception
	java.lang.IllegalStateException: Cannot create a session after the response has been committed
		at org.apache.catalina.connector.Request.doGetSession(Request.java:2954)
		at org.apache.catalina.connector.Request.getSession(Request.java:2361)
		at org.apache.catalina.connector.RequestFacade.getSession(RequestFacade.java:647)
		at javax.servlet.http.HttpServletRequestWrapper.getSession(HttpServletRequestWrapper.java:221)
		at org.apache.catalina.core.ApplicationHttpRequest.getSession(ApplicationHttpRequest.java:573)
		at javax.servlet.http.HttpServletRequestWrapper.getSession(HttpServletRequestWrapper.java:221)
		at org.apache.catalina.core.ApplicationHttpRequest.getSession(ApplicationHttpRequest.java:573)
		at org.apache.catalina.core.ApplicationHttpRequest.getSession(ApplicationHttpRequest.java:516)
		at org.apache.jasper.runtime.PageContextImpl.initialize(PageContextImpl.java:118)
		at org.apache.jasper.runtime.JspFactoryImpl.internalGetPageContext(JspFactoryImpl.java:109)
		at org.apache.jasper.runtime.JspFactoryImpl.getPageContext(JspFactoryImpl.java:62)
		at org.apache.jsp.WEB_002dINF.views.common.pagination_jsp._jspService(pagination_jsp.java:132)
		at org.apache.jasper.runtime.HttpJspBase.service(HttpJspBase.java:65)
		at javax.servlet.http.HttpServlet.service(HttpServlet.java:623)
		at org.apache.jasper.servlet.JspServletWrapper.service(JspServletWrapper.java:511)
		at org.apache.jasper.servlet.JspServlet.serviceJspFile(JspServlet.java:358)
		at org.apache.jasper.servlet.JspServlet.service(JspServlet.java:309)
		at javax.servlet.http.HttpServlet.service(HttpServlet.java:623)
		at org.apache.catalina.core.ApplicationFilterChain.internalDoFilter(ApplicationFilterChain.java:201)
		at org.apache.catalina.core.ApplicationFilterChain.doFilter(ApplicationFilterChain.java:146)
		at org.apache.catalina.core.ApplicationDispatcher.invoke(ApplicationDispatcher.java:618)
		at org.apache.catalina.core.ApplicationDispatcher.doInclude(ApplicationDispatcher.java:498)
		at org.apache.catalina.core.ApplicationDispatcher.include(ApplicationDispatcher.java:446)
		at org.apache.jasper.runtime.JspRuntimeLibrary.include(JspRuntimeLibrary.java:1172)
		at org.apache.jsp.WEB_002dINF.views.public_.jobs_jsp._jspService(jobs_jsp.java:414)
		at org.apache.jasper.runtime.HttpJspBase.service(HttpJspBase.java:65)
		at javax.servlet.http.HttpServlet.service(HttpServlet.java:623)
		at org.apache.jasper.servlet.JspServletWrapper.service(JspServletWrapper.java:511)
		at org.apache.jasper.servlet.JspServlet.serviceJspFile(JspServlet.java:358)
		at org.apache.jasper.servlet.JspServlet.service(JspServlet.java:309)
		at javax.servlet.http.HttpServlet.service(HttpServlet.java:623)
		at org.apache.catalina.core.ApplicationFilterChain.internalDoFilter(ApplicationFilterChain.java:201)
		at org.apache.catalina.core.ApplicationFilterChain.doFilter(ApplicationFilterChain.java:146)
		at org.apache.tomcat.websocket.server.WsFilter.doFilter(WsFilter.java:57)
		at org.apache.catalina.core.ApplicationFilterChain.internalDoFilter(ApplicationFilterChain.java:170)
		at org.apache.catalina.core.ApplicationFilterChain.doFilter(ApplicationFilterChain.java:146)
		at org.apache.catalina.core.ApplicationDispatcher.invoke(ApplicationDispatcher.java:618)
		at org.apache.catalina.core.ApplicationDispatcher.processRequest(ApplicationDispatcher.java:401)
		at org.apache.catalina.core.ApplicationDispatcher.doForward(ApplicationDispatcher.java:340)
		at org.apache.catalina.core.ApplicationDispatcher.forward(ApplicationDispatcher.java:285)
		at vn.edu.eaut.recruitflow.controller.BaseController.view(BaseController.java:16)
		at vn.edu.eaut.recruitflow.controller.PublicJobController.showList(PublicJobController.java:71)
		at vn.edu.eaut.recruitflow.controller.PublicJobController.doGet(PublicJobController.java:52)
		at javax.servlet.http.HttpServlet.service(HttpServlet.java:529)
		at javax.servlet.http.HttpServlet.service(HttpServlet.java:623)
		at org.apache.catalina.core.ApplicationFilterChain.internalDoFilter(ApplicationFilterChain.java:201)
		at org.apache.catalina.core.ApplicationFilterChain.doFilter(ApplicationFilterChain.java:146)
		at org.apache.tomcat.websocket.server.WsFilter.doFilter(WsFilter.java:57)
		at org.apache.catalina.core.ApplicationFilterChain.internalDoFilter(ApplicationFilterChain.java:170)
		at org.apache.catalina.core.ApplicationFilterChain.doFilter(ApplicationFilterChain.java:146)
		at vn.edu.eaut.recruitflow.filter.SecurityHeadersFilter.doFilter(SecurityHeadersFilter.java:56)
		at org.apache.catalina.core.ApplicationFilterChain.internalDoFilter(ApplicationFilterChain.java:170)
		at org.apache.catalina.core.ApplicationFilterChain.doFilter(ApplicationFilterChain.java:146)
		at vn.edu.eaut.recruitflow.filter.EncodingFilter.doFilter(EncodingFilter.java:16)
		at org.apache.catalina.core.ApplicationFilterChain.internalDoFilter(ApplicationFilterChain.java:170)
		at org.apache.catalina.core.ApplicationFilterChain.doFilter(ApplicationFilterChain.java:146)
		at vn.edu.eaut.recruitflow.filter.CsrfFilter.doFilter(CsrfFilter.java:60)
		at org.apache.catalina.core.ApplicationFilterChain.internalDoFilter(ApplicationFilterChain.java:170)
		at org.apache.catalina.core.ApplicationFilterChain.doFilter(ApplicationFilterChain.java:146)
		at vn.edu.eaut.recruitflow.filter.AuthorizationFilter.doFilter(AuthorizationFilter.java:76)
		at org.apache.catalina.core.ApplicationFilterChain.internalDoFilter(ApplicationFilterChain.java:170)
		at org.apache.catalina.core.ApplicationFilterChain.doFilter(ApplicationFilterChain.java:146)
		at vn.edu.eaut.recruitflow.filter.AuthenticationFilter.doFilter(AuthenticationFilter.java:77)
		at org.apache.catalina.core.ApplicationFilterChain.internalDoFilter(ApplicationFilterChain.java:170)
		at org.apache.catalina.core.ApplicationFilterChain.doFilter(ApplicationFilterChain.java:146)
		at org.apache.catalina.core.StandardWrapperValve.invoke(StandardWrapperValve.java:166)
		at org.apache.catalina.core.StandardContextValve.invoke(StandardContextValve.java:88)
		at org.apache.catalina.authenticator.AuthenticatorBase.invoke(AuthenticatorBase.java:534)
		at org.apache.catalina.core.StandardHostValve.invoke(StandardHostValve.java:129)
		at org.apache.catalina.valves.ErrorReportValve.invoke(ErrorReportValve.java:86)
		at org.apache.catalina.valves.AbstractAccessLogValve.invoke(AbstractAccessLogValve.java:764)
		at org.apache.catalina.core.StandardEngineValve.invoke(StandardEngineValve.java:71)
		at org.apache.catalina.connector.CoyoteAdapter.service(CoyoteAdapter.java:350)
		at org.apache.coyote.http11.Http11Processor.service(Http11Processor.java:407)
		at org.apache.coyote.AbstractProcessorLight.process(AbstractProcessorLight.java:71)
		at org.apache.coyote.AbstractProtocol$ConnectionHandler.process(AbstractProtocol.java:1344)
		at org.apache.tomcat.util.net.NioEndpoint$SocketProcessor.doRun(NioEndpoint.java:2089)
		at org.apache.tomcat.util.net.SocketProcessorBase.run(SocketProcessorBase.java:74)
		at org.apache.tomcat.util.threads.ThreadPoolExecutor.runWorker(ThreadPoolExecutor.java:976)
		at org.apache.tomcat.util.threads.ThreadPoolExecutor$Worker.run(ThreadPoolExecutor.java:494)
		at org.apache.tomcat.util.threads.TaskThread$WrappingRunnable.run(TaskThread.java:80)
		at java.base/java.lang.Thread.run(Thread.java:842)
23-Aug-2026 16:41:31.132 SEVERE [http-nio-8081-exec-11] org.apache.catalina.core.StandardWrapperValve.invoke Servlet.service() for servlet [PublicJobController] in context with path [/recruitflow] threw exception [javax.servlet.ServletException: java.lang.IllegalStateException: Cannot create a session after the response has been committed] with root cause
	java.lang.IllegalStateException: Cannot create a session after the response has been committed
		at org.apache.catalina.connector.Request.doGetSession(Request.java:2954)
		at org.apache.catalina.connector.Request.getSession(Request.java:2361)
		at org.apache.catalina.connector.RequestFacade.getSession(RequestFacade.java:647)
		at javax.servlet.http.HttpServletRequestWrapper.getSession(HttpServletRequestWrapper.java:221)
		at org.apache.catalina.core.ApplicationHttpRequest.getSession(ApplicationHttpRequest.java:573)
		at javax.servlet.http.HttpServletRequestWrapper.getSession(HttpServletRequestWrapper.java:221)
		at org.apache.catalina.core.ApplicationHttpRequest.getSession(ApplicationHttpRequest.java:573)
		at org.apache.catalina.core.ApplicationHttpRequest.getSession(ApplicationHttpRequest.java:516)
		at org.apache.jasper.runtime.PageContextImpl.initialize(PageContextImpl.java:118)
		at org.apache.jasper.runtime.JspFactoryImpl.internalGetPageContext(JspFactoryImpl.java:109)
		at org.apache.jasper.runtime.JspFactoryImpl.getPageContext(JspFactoryImpl.java:62)
		at org.apache.jsp.WEB_002dINF.views.common.pagination_jsp._jspService(pagination_jsp.java:132)
		at org.apache.jasper.runtime.HttpJspBase.service(HttpJspBase.java:65)
		at javax.servlet.http.HttpServlet.service(HttpServlet.java:623)
		at org.apache.jasper.servlet.JspServletWrapper.service(JspServletWrapper.java:511)
		at org.apache.jasper.servlet.JspServlet.serviceJspFile(JspServlet.java:358)
		at org.apache.jasper.servlet.JspServlet.service(JspServlet.java:309)
		at javax.servlet.http.HttpServlet.service(HttpServlet.java:623)
		at org.apache.catalina.core.ApplicationFilterChain.internalDoFilter(ApplicationFilterChain.java:201)
		at org.apache.catalina.core.ApplicationFilterChain.doFilter(ApplicationFilterChain.java:146)
		at org.apache.catalina.core.ApplicationDispatcher.invoke(ApplicationDispatcher.java:618)
		at org.apache.catalina.core.ApplicationDispatcher.doInclude(ApplicationDispatcher.java:498)
		at org.apache.catalina.core.ApplicationDispatcher.include(ApplicationDispatcher.java:446)
		at org.apache.jasper.runtime.JspRuntimeLibrary.include(JspRuntimeLibrary.java:1172)
		at org.apache.jsp.WEB_002dINF.views.public_.jobs_jsp._jspService(jobs_jsp.java:414)
		at org.apache.jasper.runtime.HttpJspBase.service(HttpJspBase.java:65)
		at javax.servlet.http.HttpServlet.service(HttpServlet.java:623)
		at org.apache.jasper.servlet.JspServletWrapper.service(JspServletWrapper.java:511)
		at org.apache.jasper.servlet.JspServlet.serviceJspFile(JspServlet.java:358)
		at org.apache.jasper.servlet.JspServlet.service(JspServlet.java:309)
		at javax.servlet.http.HttpServlet.service(HttpServlet.java:623)
		at org.apache.catalina.core.ApplicationFilterChain.internalDoFilter(ApplicationFilterChain.java:201)
		at org.apache.catalina.core.ApplicationFilterChain.doFilter(ApplicationFilterChain.java:146)
		at org.apache.tomcat.websocket.server.WsFilter.doFilter(WsFilter.java:57)
		at org.apache.catalina.core.ApplicationFilterChain.internalDoFilter(ApplicationFilterChain.java:170)
		at org.apache.catalina.core.ApplicationFilterChain.doFilter(ApplicationFilterChain.java:146)
		at org.apache.catalina.core.ApplicationDispatcher.invoke(ApplicationDispatcher.java:618)
		at org.apache.catalina.core.ApplicationDispatcher.processRequest(ApplicationDispatcher.java:401)
		at org.apache.catalina.core.ApplicationDispatcher.doForward(ApplicationDispatcher.java:340)
		at org.apache.catalina.core.ApplicationDispatcher.forward(ApplicationDispatcher.java:285)
		at vn.edu.eaut.recruitflow.controller.BaseController.view(BaseController.java:16)
		at vn.edu.eaut.recruitflow.controller.PublicJobController.showList(PublicJobController.java:71)
		at vn.edu.eaut.recruitflow.controller.PublicJobController.doGet(PublicJobController.java:52)
		at javax.servlet.http.HttpServlet.service(HttpServlet.java:529)
		at javax.servlet.http.HttpServlet.service(HttpServlet.java:623)
		at org.apache.catalina.core.ApplicationFilterChain.internalDoFilter(ApplicationFilterChain.java:201)
		at org.apache.catalina.core.ApplicationFilterChain.doFilter(ApplicationFilterChain.java:146)
		at org.apache.tomcat.websocket.server.WsFilter.doFilter(WsFilter.java:57)
		at org.apache.catalina.core.ApplicationFilterChain.internalDoFilter(ApplicationFilterChain.java:170)
		at org.apache.catalina.core.ApplicationFilterChain.doFilter(ApplicationFilterChain.java:146)
		at vn.edu.eaut.recruitflow.filter.SecurityHeadersFilter.doFilter(SecurityHeadersFilter.java:56)
		at org.apache.catalina.core.ApplicationFilterChain.internalDoFilter(ApplicationFilterChain.java:170)
		at org.apache.catalina.core.ApplicationFilterChain.doFilter(ApplicationFilterChain.java:146)
		at vn.edu.eaut.recruitflow.filter.EncodingFilter.doFilter(EncodingFilter.java:16)
		at org.apache.catalina.core.ApplicationFilterChain.internalDoFilter(ApplicationFilterChain.java:170)
		at org.apache.catalina.core.ApplicationFilterChain.doFilter(ApplicationFilterChain.java:146)
		at vn.edu.eaut.recruitflow.filter.CsrfFilter.doFilter(CsrfFilter.java:60)
		at org.apache.catalina.core.ApplicationFilterChain.internalDoFilter(ApplicationFilterChain.java:170)
		at org.apache.catalina.core.ApplicationFilterChain.doFilter(ApplicationFilterChain.java:146)
		at vn.edu.eaut.recruitflow.filter.AuthorizationFilter.doFilter(AuthorizationFilter.java:76)
		at org.apache.catalina.core.ApplicationFilterChain.internalDoFilter(ApplicationFilterChain.java:170)
		at org.apache.catalina.core.ApplicationFilterChain.doFilter(ApplicationFilterChain.java:146)
		at vn.edu.eaut.recruitflow.filter.AuthenticationFilter.doFilter(AuthenticationFilter.java:77)
		at org.apache.catalina.core.ApplicationFilterChain.internalDoFilter(ApplicationFilterChain.java:170)
		at org.apache.catalina.core.ApplicationFilterChain.doFilter(ApplicationFilterChain.java:146)
		at org.apache.catalina.core.StandardWrapperValve.invoke(StandardWrapperValve.java:166)
		at org.apache.catalina.core.StandardContextValve.invoke(StandardContextValve.java:88)
		at org.apache.catalina.authenticator.AuthenticatorBase.invoke(AuthenticatorBase.java:534)
		at org.apache.catalina.core.StandardHostValve.invoke(StandardHostValve.java:129)
		at org.apache.catalina.valves.ErrorReportValve.invoke(ErrorReportValve.java:86)
		at org.apache.catalina.valves.AbstractAccessLogValve.invoke(AbstractAccessLogValve.java:764)
		at org.apache.catalina.core.StandardEngineValve.invoke(StandardEngineValve.java:71)
		at org.apache.catalina.connector.CoyoteAdapter.service(CoyoteAdapter.java:350)
		at org.apache.coyote.http11.Http11Processor.service(Http11Processor.java:407)
		at org.apache.coyote.AbstractProcessorLight.process(AbstractProcessorLight.java:71)
		at org.apache.coyote.AbstractProtocol$ConnectionHandler.process(AbstractProtocol.java:1344)
		at org.apache.tomcat.util.net.NioEndpoint$SocketProcessor.doRun(NioEndpoint.java:2089)
		at org.apache.tomcat.util.net.SocketProcessorBase.run(SocketProcessorBase.java:74)
		at org.apache.tomcat.util.threads.ThreadPoolExecutor.runWorker(ThreadPoolExecutor.java:976)
		at org.apache.tomcat.util.threads.ThreadPoolExecutor$Worker.run(ThreadPoolExecutor.java:494)
		at org.apache.tomcat.util.threads.TaskThread$WrappingRunnable.run(TaskThread.java:80)
		at java.base/java.lang.Thread.run(Thread.java:842)
